<lambda fn>
6
9
Expected 3 arguments but got 1.
[line 14]
