<fn test>
7
Expected 3 arguments but got 2.
[line 8]
